Name,Lines,Commits,Files
Bob Smith,9,1,2
Alice Johnson,5,1,2
Charlie Brown,3,1,1
