Name       Lines Commits Files
John Doe   8     2       2
Jane Smith 2     1       1
