Name                Lines Commits Files
My  name   is Tabby 8     1       1
