Name     Lines Commits Files
John Doe 65    2       7
