Name       Lines Commits Files
John Doe   10    3       4
Jane Smith 2     1       1
