[{"name":"Bob Smith","lines":9,"commits":1,"files":2},{"name":"Alice Johnson","lines":5,"commits":1,"files":2},{"name":"Charlie Brown","lines":3,"commits":1,"files":1}]
