Name       Lines Commits Files
Author1    46    1       3
Committer1 3     2       2
Committer2 3     1       1
