Name       Lines Commits Files
John Doe   66    3       8
Jane Smith 2     1       1
