Name       Lines Commits Files
John Doe   15    2       4
Jane Smith 2     1       1
