Name       Lines Commits Files
John Doe   59    3       6
Jane Smith 2     1       1
