Name     Lines Commits Files
John Doe 11    1       3
